A regular log record
